
C:\Program 
Files\dotnet\sdk\8.0.415\Microsoft.Common.CurrentVersion.targets(5321,5): 
warning MSB3026: Could not copy "C:\DevAbsence1\AbsenceAppV2\src\AbsenceApp.Cli
ent\obj\Debug\net8.0-windows10.0.19041.0\win10-x64\apphost.exe" to 
"bin\Debug\net8.0-windows10.0.19041.0\win10-x64\AbsenceApp.Client.exe". 
Beginning retry 1 in 1000ms. The process cannot access the file 'C:\DevAbsence1
\AbsenceAppV2\src\AbsenceApp.Client\bin\Debug\net8.0-windows10.0.19041.0\win10-
x64\AbsenceApp.Client.exe' because it is being used by another process. The 
file is locked by: "AbsenceApp.Client (37704)" [C:\DevAbsence1\AbsenceAppV2\src
\AbsenceApp.Client\AbsenceApp.Client.csproj::TargetFramework=net8.0-windows10.0
.19041.0]
C:\Program 
Files\dotnet\sdk\8.0.415\Microsoft.Common.CurrentVersion.targets(5321,5): 
warning MSB3026: Could not copy "C:\DevAbsence1\AbsenceAppV2\src\AbsenceApp.Cli
ent\obj\Debug\net8.0-windows10.0.19041.0\win10-x64\apphost.exe" to 
"bin\Debug\net8.0-windows10.0.19041.0\win10-x64\AbsenceApp.Client.exe". 
Beginning retry 2 in 1000ms. The process cannot access the file 'C:\DevAbsence1
\AbsenceAppV2\src\AbsenceApp.Client\bin\Debug\net8.0-windows10.0.19041.0\win10-
x64\AbsenceApp.Client.exe' because it is being used by another process. The 
file is locked by: "AbsenceApp.Client (37704)" [C:\DevAbsence1\AbsenceAppV2\src
\AbsenceApp.Client\AbsenceApp.Client.csproj::TargetFramework=net8.0-windows10.0
.19041.0]
C:\Program 
Files\dotnet\sdk\8.0.415\Microsoft.Common.CurrentVersion.targets(5321,5): 
warning MSB3026: Could not copy "C:\DevAbsence1\AbsenceAppV2\src\AbsenceApp.Cli
ent\obj\Debug\net8.0-windows10.0.19041.0\win10-x64\apphost.exe" to 
"bin\Debug\net8.0-windows10.0.19041.0\win10-x64\AbsenceApp.Client.exe". 
Beginning retry 3 in 1000ms. The process cannot access the file 'C:\DevAbsence1
\AbsenceAppV2\src\AbsenceApp.Client\bin\Debug\net8.0-windows10.0.19041.0\win10-
x64\AbsenceApp.Client.exe' because it is being used by another process. The 
file is locked by: "AbsenceApp.Client (37704)" [C:\DevAbsence1\AbsenceAppV2\src
\AbsenceApp.Client\AbsenceApp.Client.csproj::TargetFramework=net8.0-windows10.0
.19041.0]
C:\Program 
Files\dotnet\sdk\8.0.415\Microsoft.Common.CurrentVersion.targets(5321,5): 
warning MSB3026: Could not copy "C:\DevAbsence1\AbsenceAppV2\src\AbsenceApp.Cli
ent\obj\Debug\net8.0-windows10.0.19041.0\win10-x64\apphost.exe" to 
"bin\Debug\net8.0-windows10.0.19041.0\win10-x64\AbsenceApp.Client.exe". 
Beginning retry 4 in 1000ms. The process cannot access the file 'C:\DevAbsence1
\AbsenceAppV2\src\AbsenceApp.Client\bin\Debug\net8.0-windows10.0.19041.0\win10-
x64\AbsenceApp.Client.exe' because it is being used by another process. The 
file is locked by: "AbsenceApp.Client (37704)" [C:\DevAbsence1\AbsenceAppV2\src
\AbsenceApp.Client\AbsenceApp.Client.csproj::TargetFramework=net8.0-windows10.0
.19041.0]
C:\Program 
Files\dotnet\sdk\8.0.415\Microsoft.Common.CurrentVersion.targets(5321,5): 
warning MSB3026: Could not copy "C:\DevAbsence1\AbsenceAppV2\src\AbsenceApp.Cli
ent\obj\Debug\net8.0-windows10.0.19041.0\win10-x64\apphost.exe" to 
"bin\Debug\net8.0-windows10.0.19041.0\win10-x64\AbsenceApp.Client.exe". 
Beginning retry 5 in 1000ms. The process cannot access the file 'C:\DevAbsence1
\AbsenceAppV2\src\AbsenceApp.Client\bin\Debug\net8.0-windows10.0.19041.0\win10-
x64\AbsenceApp.Client.exe' because it is being used by another process. The 
file is locked by: "AbsenceApp.Client (37704)" [C:\DevAbsence1\AbsenceAppV2\src
\AbsenceApp.Client\AbsenceApp.Client.csproj::TargetFramework=net8.0-windows10.0
.19041.0]
C:\Program 
Files\dotnet\sdk\8.0.415\Microsoft.Common.CurrentVersion.targets(5321,5): 
warning MSB3026: Could not copy "C:\DevAbsence1\AbsenceAppV2\src\AbsenceApp.Cli
ent\obj\Debug\net8.0-windows10.0.19041.0\win10-x64\apphost.exe" to 
"bin\Debug\net8.0-windows10.0.19041.0\win10-x64\AbsenceApp.Client.exe". 
Beginning retry 6 in 1000ms. The process cannot access the file 'C:\DevAbsence1
\AbsenceAppV2\src\AbsenceApp.Client\bin\Debug\net8.0-windows10.0.19041.0\win10-
x64\AbsenceApp.Client.exe' because it is being used by another process. The 
file is locked by: "AbsenceApp.Client (37704)" [C:\DevAbsence1\AbsenceAppV2\src
\AbsenceApp.Client\AbsenceApp.Client.csproj::TargetFramework=net8.0-windows10.0
.19041.0]
C:\Program 
Files\dotnet\sdk\8.0.415\Microsoft.Common.CurrentVersion.targets(5321,5): 
warning MSB3026: Could not copy "C:\DevAbsence1\AbsenceAppV2\src\AbsenceApp.Cli
ent\obj\Debug\net8.0-windows10.0.19041.0\win10-x64\apphost.exe" to 
"bin\Debug\net8.0-windows10.0.19041.0\win10-x64\AbsenceApp.Client.exe". 
Beginning retry 7 in 1000ms. The process cannot access the file 'C:\DevAbsence1
\AbsenceAppV2\src\AbsenceApp.Client\bin\Debug\net8.0-windows10.0.19041.0\win10-
x64\AbsenceApp.Client.exe' because it is being used by another process. The 
file is locked by: "AbsenceApp.Client (37704)" [C:\DevAbsence1\AbsenceAppV2\src
\AbsenceApp.Client\AbsenceApp.Client.csproj::TargetFramework=net8.0-windows10.0
.19041.0]
C:\Program 
Files\dotnet\sdk\8.0.415\Microsoft.Common.CurrentVersion.targets(5321,5): 
warning MSB3026: Could not copy "C:\DevAbsence1\AbsenceAppV2\src\AbsenceApp.Cli
ent\obj\Debug\net8.0-windows10.0.19041.0\win10-x64\apphost.exe" to 
"bin\Debug\net8.0-windows10.0.19041.0\win10-x64\AbsenceApp.Client.exe". 
Beginning retry 8 in 1000ms. The process cannot access the file 'C:\DevAbsence1
\AbsenceAppV2\src\AbsenceApp.Client\bin\Debug\net8.0-windows10.0.19041.0\win10-
x64\AbsenceApp.Client.exe' because it is being used by another process. The 
file is locked by: "AbsenceApp.Client (37704)" [C:\DevAbsence1\AbsenceAppV2\src
\AbsenceApp.Client\AbsenceApp.Client.csproj::TargetFramework=net8.0-windows10.0
.19041.0]
C:\Program 
Files\dotnet\sdk\8.0.415\Microsoft.Common.CurrentVersion.targets(5321,5): 
warning MSB3026: Could not copy "C:\DevAbsence1\AbsenceAppV2\src\AbsenceApp.Cli
ent\obj\Debug\net8.0-windows10.0.19041.0\win10-x64\apphost.exe" to 
"bin\Debug\net8.0-windows10.0.19041.0\win10-x64\AbsenceApp.Client.exe". 
Beginning retry 9 in 1000ms. The process cannot access the file 'C:\DevAbsence1
\AbsenceAppV2\src\AbsenceApp.Client\bin\Debug\net8.0-windows10.0.19041.0\win10-
x64\AbsenceApp.Client.exe' because it is being used by another process. The 
file is locked by: "AbsenceApp.Client (37704)" [C:\DevAbsence1\AbsenceAppV2\src
\AbsenceApp.Client\AbsenceApp.Client.csproj::TargetFramework=net8.0-windows10.0
.19041.0]
C:\Program 
Files\dotnet\sdk\8.0.415\Microsoft.Common.CurrentVersion.targets(5321,5): 
warning MSB3026: Could not copy "C:\DevAbsence1\AbsenceAppV2\src\AbsenceApp.Cli
ent\obj\Debug\net8.0-windows10.0.19041.0\win10-x64\apphost.exe" to 
"bin\Debug\net8.0-windows10.0.19041.0\win10-x64\AbsenceApp.Client.exe". 
Beginning retry 10 in 1000ms. The process cannot access the file 'C:\DevAbsence
1\AbsenceAppV2\src\AbsenceApp.Client\bin\Debug\net8.0-windows10.0.19041.0\win10
-x64\AbsenceApp.Client.exe' because it is being used by another process. The 
file is locked by: "AbsenceApp.Client (37704)" [C:\DevAbsence1\AbsenceAppV2\src
\AbsenceApp.Client\AbsenceApp.Client.csproj::TargetFramework=net8.0-windows10.0
.19041.0]
C:\Program 
Files\dotnet\sdk\8.0.415\Microsoft.Common.CurrentVersion.targets(5321,5): 
error MSB3027: Could not copy "C:\DevAbsence1\AbsenceAppV2\src\AbsenceApp.Clien
t\obj\Debug\net8.0-windows10.0.19041.0\win10-x64\apphost.exe" to 
"bin\Debug\net8.0-windows10.0.19041.0\win10-x64\AbsenceApp.Client.exe". 
Exceeded retry count of 10. Failed. The file is locked by: "AbsenceApp.Client 
(37704)" [C:\DevAbsence1\AbsenceAppV2\src\AbsenceApp.Client\AbsenceApp.Client.c
sproj::TargetFramework=net8.0-windows10.0.19041.0]
C:\Program 
Files\dotnet\sdk\8.0.415\Microsoft.Common.CurrentVersion.targets(5321,5): 
error MSB3021: Unable to copy file "C:\DevAbsence1\AbsenceAppV2\src\AbsenceApp.
Client\obj\Debug\net8.0-windows10.0.19041.0\win10-x64\apphost.exe" to 
"bin\Debug\net8.0-windows10.0.19041.0\win10-x64\AbsenceApp.Client.exe". The 
process cannot access the file 'C:\DevAbsence1\AbsenceAppV2\src\AbsenceApp.Clie
nt\bin\Debug\net8.0-windows10.0.19041.0\win10-x64\AbsenceApp.Client.exe' 
because it is being used by another process. [C:\DevAbsence1\AbsenceAppV2\src\A
bsenceApp.Client\AbsenceApp.Client.csproj::TargetFramework=net8.0-windows10.0.1
9041.0]
Build FAILED.
C:\Program 
Files\dotnet\sdk\8.0.415\Microsoft.Common.CurrentVersion.targets(5321,5): 
warning MSB3026: Could not copy "C:\DevAbsence1\AbsenceAppV2\src\AbsenceApp.Cli
ent\obj\Debug\net8.0-windows10.0.19041.0\win10-x64\apphost.exe" to 
"bin\Debug\net8.0-windows10.0.19041.0\win10-x64\AbsenceApp.Client.exe". 
Beginning retry 1 in 1000ms. The process cannot access the file 'C:\DevAbsence1
\AbsenceAppV2\src\AbsenceApp.Client\bin\Debug\net8.0-windows10.0.19041.0\win10-
x64\AbsenceApp.Client.exe' because it is being used by another process. The 
file is locked by: "AbsenceApp.Client (37704)" [C:\DevAbsence1\AbsenceAppV2\src
\AbsenceApp.Client\AbsenceApp.Client.csproj::TargetFramework=net8.0-windows10.0
.19041.0]
C:\Program 
Files\dotnet\sdk\8.0.415\Microsoft.Common.CurrentVersion.targets(5321,5): 
warning MSB3026: Could not copy "C:\DevAbsence1\AbsenceAppV2\src\AbsenceApp.Cli
ent\obj\Debug\net8.0-windows10.0.19041.0\win10-x64\apphost.exe" to 
"bin\Debug\net8.0-windows10.0.19041.0\win10-x64\AbsenceApp.Client.exe". 
Beginning retry 2 in 1000ms. The process cannot access the file 'C:\DevAbsence1
\AbsenceAppV2\src\AbsenceApp.Client\bin\Debug\net8.0-windows10.0.19041.0\win10-
x64\AbsenceApp.Client.exe' because it is being used by another process. The 
file is locked by: "AbsenceApp.Client (37704)" [C:\DevAbsence1\AbsenceAppV2\src
\AbsenceApp.Client\AbsenceApp.Client.csproj::TargetFramework=net8.0-windows10.0
.19041.0]
C:\Program 
Files\dotnet\sdk\8.0.415\Microsoft.Common.CurrentVersion.targets(5321,5): 
warning MSB3026: Could not copy "C:\DevAbsence1\AbsenceAppV2\src\AbsenceApp.Cli
ent\obj\Debug\net8.0-windows10.0.19041.0\win10-x64\apphost.exe" to 
"bin\Debug\net8.0-windows10.0.19041.0\win10-x64\AbsenceApp.Client.exe". 
Beginning retry 3 in 1000ms. The process cannot access the file 'C:\DevAbsence1
\AbsenceAppV2\src\AbsenceApp.Client\bin\Debug\net8.0-windows10.0.19041.0\win10-
x64\AbsenceApp.Client.exe' because it is being used by another process. The 
file is locked by: "AbsenceApp.Client (37704)" [C:\DevAbsence1\AbsenceAppV2\src
\AbsenceApp.Client\AbsenceApp.Client.csproj::TargetFramework=net8.0-windows10.0
.19041.0]
C:\Program 
Files\dotnet\sdk\8.0.415\Microsoft.Common.CurrentVersion.targets(5321,5): 
warning MSB3026: Could not copy "C:\DevAbsence1\AbsenceAppV2\src\AbsenceApp.Cli
ent\obj\Debug\net8.0-windows10.0.19041.0\win10-x64\apphost.exe" to 
"bin\Debug\net8.0-windows10.0.19041.0\win10-x64\AbsenceApp.Client.exe". 
Beginning retry 4 in 1000ms. The process cannot access the file 'C:\DevAbsence1
\AbsenceAppV2\src\AbsenceApp.Client\bin\Debug\net8.0-windows10.0.19041.0\win10-
x64\AbsenceApp.Client.exe' because it is being used by another process. The 
file is locked by: "AbsenceApp.Client (37704)" [C:\DevAbsence1\AbsenceAppV2\src
\AbsenceApp.Client\AbsenceApp.Client.csproj::TargetFramework=net8.0-windows10.0
.19041.0]
C:\Program 
Files\dotnet\sdk\8.0.415\Microsoft.Common.CurrentVersion.targets(5321,5): 
warning MSB3026: Could not copy "C:\DevAbsence1\AbsenceAppV2\src\AbsenceApp.Cli
ent\obj\Debug\net8.0-windows10.0.19041.0\win10-x64\apphost.exe" to 
"bin\Debug\net8.0-windows10.0.19041.0\win10-x64\AbsenceApp.Client.exe". 
Beginning retry 5 in 1000ms. The process cannot access the file 'C:\DevAbsence1
\AbsenceAppV2\src\AbsenceApp.Client\bin\Debug\net8.0-windows10.0.19041.0\win10-
x64\AbsenceApp.Client.exe' because it is being used by another process. The 
file is locked by: "AbsenceApp.Client (37704)" [C:\DevAbsence1\AbsenceAppV2\src
\AbsenceApp.Client\AbsenceApp.Client.csproj::TargetFramework=net8.0-windows10.0
.19041.0]
C:\Program 
Files\dotnet\sdk\8.0.415\Microsoft.Common.CurrentVersion.targets(5321,5): 
warning MSB3026: Could not copy "C:\DevAbsence1\AbsenceAppV2\src\AbsenceApp.Cli
ent\obj\Debug\net8.0-windows10.0.19041.0\win10-x64\apphost.exe" to 
"bin\Debug\net8.0-windows10.0.19041.0\win10-x64\AbsenceApp.Client.exe". 
Beginning retry 6 in 1000ms. The process cannot access the file 'C:\DevAbsence1
\AbsenceAppV2\src\AbsenceApp.Client\bin\Debug\net8.0-windows10.0.19041.0\win10-
x64\AbsenceApp.Client.exe' because it is being used by another process. The 
file is locked by: "AbsenceApp.Client (37704)" [C:\DevAbsence1\AbsenceAppV2\src
\AbsenceApp.Client\AbsenceApp.Client.csproj::TargetFramework=net8.0-windows10.0
.19041.0]
C:\Program 
Files\dotnet\sdk\8.0.415\Microsoft.Common.CurrentVersion.targets(5321,5): 
warning MSB3026: Could not copy "C:\DevAbsence1\AbsenceAppV2\src\AbsenceApp.Cli
ent\obj\Debug\net8.0-windows10.0.19041.0\win10-x64\apphost.exe" to 
"bin\Debug\net8.0-windows10.0.19041.0\win10-x64\AbsenceApp.Client.exe". 
Beginning retry 7 in 1000ms. The process cannot access the file 'C:\DevAbsence1
\AbsenceAppV2\src\AbsenceApp.Client\bin\Debug\net8.0-windows10.0.19041.0\win10-
x64\AbsenceApp.Client.exe' because it is being used by another process. The 
file is locked by: "AbsenceApp.Client (37704)" [C:\DevAbsence1\AbsenceAppV2\src
\AbsenceApp.Client\AbsenceApp.Client.csproj::TargetFramework=net8.0-windows10.0
.19041.0]
C:\Program 
Files\dotnet\sdk\8.0.415\Microsoft.Common.CurrentVersion.targets(5321,5): 
warning MSB3026: Could not copy "C:\DevAbsence1\AbsenceAppV2\src\AbsenceApp.Cli
ent\obj\Debug\net8.0-windows10.0.19041.0\win10-x64\apphost.exe" to 
"bin\Debug\net8.0-windows10.0.19041.0\win10-x64\AbsenceApp.Client.exe". 
Beginning retry 8 in 1000ms. The process cannot access the file 'C:\DevAbsence1
\AbsenceAppV2\src\AbsenceApp.Client\bin\Debug\net8.0-windows10.0.19041.0\win10-
x64\AbsenceApp.Client.exe' because it is being used by another process. The 
file is locked by: "AbsenceApp.Client (37704)" [C:\DevAbsence1\AbsenceAppV2\src
\AbsenceApp.Client\AbsenceApp.Client.csproj::TargetFramework=net8.0-windows10.0
.19041.0]
C:\Program 
Files\dotnet\sdk\8.0.415\Microsoft.Common.CurrentVersion.targets(5321,5): 
warning MSB3026: Could not copy "C:\DevAbsence1\AbsenceAppV2\src\AbsenceApp.Cli
ent\obj\Debug\net8.0-windows10.0.19041.0\win10-x64\apphost.exe" to 
"bin\Debug\net8.0-windows10.0.19041.0\win10-x64\AbsenceApp.Client.exe". 
Beginning retry 9 in 1000ms. The process cannot access the file 'C:\DevAbsence1
\AbsenceAppV2\src\AbsenceApp.Client\bin\Debug\net8.0-windows10.0.19041.0\win10-
x64\AbsenceApp.Client.exe' because it is being used by another process. The 
file is locked by: "AbsenceApp.Client (37704)" [C:\DevAbsence1\AbsenceAppV2\src
\AbsenceApp.Client\AbsenceApp.Client.csproj::TargetFramework=net8.0-windows10.0
.19041.0]
C:\Program 
Files\dotnet\sdk\8.0.415\Microsoft.Common.CurrentVersion.targets(5321,5): 
warning MSB3026: Could not copy "C:\DevAbsence1\AbsenceAppV2\src\AbsenceApp.Cli
ent\obj\Debug\net8.0-windows10.0.19041.0\win10-x64\apphost.exe" to 
"bin\Debug\net8.0-windows10.0.19041.0\win10-x64\AbsenceApp.Client.exe". 
Beginning retry 10 in 1000ms. The process cannot access the file 'C:\DevAbsence
1\AbsenceAppV2\src\AbsenceApp.Client\bin\Debug\net8.0-windows10.0.19041.0\win10
-x64\AbsenceApp.Client.exe' because it is being used by another process. The 
file is locked by: "AbsenceApp.Client (37704)" [C:\DevAbsence1\AbsenceAppV2\src
\AbsenceApp.Client\AbsenceApp.Client.csproj::TargetFramework=net8.0-windows10.0
.19041.0]
C:\Program 
Files\dotnet\sdk\8.0.415\Microsoft.Common.CurrentVersion.targets(5321,5): 
error MSB3027: Could not copy "C:\DevAbsence1\AbsenceAppV2\src\AbsenceApp.Clien
t\obj\Debug\net8.0-windows10.0.19041.0\win10-x64\apphost.exe" to 
"bin\Debug\net8.0-windows10.0.19041.0\win10-x64\AbsenceApp.Client.exe". 
Exceeded retry count of 10. Failed. The file is locked by: "AbsenceApp.Client 
(37704)" [C:\DevAbsence1\AbsenceAppV2\src\AbsenceApp.Client\AbsenceApp.Client.c
sproj::TargetFramework=net8.0-windows10.0.19041.0]
C:\Program 
Files\dotnet\sdk\8.0.415\Microsoft.Common.CurrentVersion.targets(5321,5): 
error MSB3021: Unable to copy file "C:\DevAbsence1\AbsenceAppV2\src\AbsenceApp.
Client\obj\Debug\net8.0-windows10.0.19041.0\win10-x64\apphost.exe" to 
"bin\Debug\net8.0-windows10.0.19041.0\win10-x64\AbsenceApp.Client.exe". The 
process cannot access the file 'C:\DevAbsence1\AbsenceAppV2\src\AbsenceApp.Clie
nt\bin\Debug\net8.0-windows10.0.19041.0\win10-x64\AbsenceApp.Client.exe' 
because it is being used by another process. [C:\DevAbsence1\AbsenceAppV2\src\A
bsenceApp.Client\AbsenceApp.Client.csproj::TargetFramework=net8.0-windows10.0.1
9041.0]
    10 Warning(s)
    2 Error(s)


